../App/lib/lvgl/src/widgets/switch/lv_switch.c:217:13:lv_switch_anim_completed	0	static
../App/lib/lvgl/src/widgets/switch/lv_switch.c:207:13:lv_switch_anim_exec_cb	0	static
../App/lib/lvgl/src/widgets/switch/lv_switch.c:103:13:lv_switch_destructor	0	static
../App/lib/lvgl/src/widgets/switch/lv_switch.c:87:13:lv_switch_constructor	8	static
../App/lib/lvgl/src/widgets/switch/lv_switch.c:148:13:draw_main	280	static
../App/lib/lvgl/src/widgets/switch/lv_switch.c:111:13:lv_switch_event	112	static
../App/lib/lvgl/src/widgets/switch/lv_switch.c:75:12:lv_switch_create	8	static
