../App/lib/lvgl/src/libs/bin_decoder/lv_bin_decoder.c:114:13:lv_bin_decoder_info	24	static
../App/lib/lvgl/src/libs/bin_decoder/lv_bin_decoder.c:1060:20:fs_read_file_at	24	static
../App/lib/lvgl/src/libs/bin_decoder/lv_bin_decoder.c:537:13:free_decoder_data	16	static
../App/lib/lvgl/src/libs/bin_decoder/lv_bin_decoder.c:365:6:lv_bin_decoder_close	16	static
../App/lib/lvgl/src/libs/bin_decoder/lv_bin_decoder.c:520:25:get_decoder_data	8	static
../App/lib/lvgl/src/libs/bin_decoder/lv_bin_decoder.c:378:13:lv_bin_decoder_get_area	64	static
../App/lib/lvgl/src/libs/bin_decoder/lv_bin_decoder.c:823:20:decode_alpha_only.isra	56	static
../App/lib/lvgl/src/libs/bin_decoder/lv_bin_decoder.c:554:20:decode_indexed.isra	48	static
../App/lib/lvgl/src/libs/bin_decoder/lv_bin_decoder.c:180:13:lv_bin_decoder_open	56	static
../App/lib/lvgl/src/libs/bin_decoder/lv_bin_decoder.c:95:6:lv_bin_decoder_init	8	static
