../App/lib/lvgl/src/widgets/label/lv_label.c:1255:13:lv_label_dot_tmp_free	8	static
../App/lib/lvgl/src/widgets/label/lv_label.c:709:13:lv_label_destructor	8	static
../App/lib/lvgl/src/widgets/label/lv_label.c:1272:13:set_ofs_y_anim	0	static
../App/lib/lvgl/src/widgets/label/lv_label.c:1265:13:set_ofs_x_anim	0	static
../App/lib/lvgl/src/widgets/label/lv_label.c:1317:13:calculate_x_coordinate	16	static
../App/lib/lvgl/src/widgets/label/lv_label.c:867:13:overwrite_anim_property	0	static
../App/lib/lvgl/src/widgets/label/lv_label.c:1178:13:lv_label_revert_dots	24	static
../App/lib/lvgl/src/widgets/label/../../core/lv_obj_style_gen.h:556:23:lv_obj_get_style_text_line_space.constprop	16	static
../App/lib/lvgl/src/widgets/label/../../core/lv_obj_style_gen.h:550:23:lv_obj_get_style_text_letter_space.constprop	16	static
../App/lib/lvgl/src/widgets/label/../../core/lv_obj_style_gen.h:544:33:lv_obj_get_style_text_font.constprop	16	static
../App/lib/lvgl/src/widgets/label/lv_label.c:1300:23:get_label_flags	24	static
../App/lib/lvgl/src/widgets/label/lv_label.c:402:10:lv_label_get_letter_on.part.0	120	static
../App/lib/lvgl/src/widgets/label/lv_label.c:896:13:lv_label_refr_text	184	static
../App/lib/lvgl/src/widgets/label/lv_label.c:719:13:lv_label_event	200	static
../App/lib/lvgl/src/widgets/label/lv_label.c:123:12:lv_label_create	8	static
../App/lib/lvgl/src/widgets/label/lv_label.c:135:6:lv_label_set_text	24	static
../App/lib/lvgl/src/widgets/label/lv_label.c:178:6:lv_label_set_text_fmt	28	static
../App/lib/lvgl/src/widgets/label/lv_label.c:206:6:lv_label_set_text_static	16	static
../App/lib/lvgl/src/widgets/label/lv_label.c:224:6:lv_label_set_long_mode	16	static
../App/lib/lvgl/src/widgets/label/lv_label.c:676:13:lv_label_constructor	16	static
../App/lib/lvgl/src/widgets/label/lv_label.c:249:6:lv_label_set_text_selection_start	0	static
../App/lib/lvgl/src/widgets/label/lv_label.c:263:6:lv_label_set_text_selection_end	0	static
../App/lib/lvgl/src/widgets/label/lv_label.c:281:8:lv_label_get_text	0	static
../App/lib/lvgl/src/widgets/label/lv_label.c:288:22:lv_label_get_long_mode	0	static
../App/lib/lvgl/src/widgets/label/lv_label.c:295:6:lv_label_get_letter_pos	120	static
../App/lib/lvgl/src/widgets/label/lv_label.c:402:10:lv_label_get_letter_on	0	static
../App/lib/lvgl/src/widgets/label/lv_label.c:522:6:lv_label_is_char_under_pos	104	static
../App/lib/lvgl/src/widgets/label/lv_label.c:596:10:lv_label_get_text_selection_start	0	static
../App/lib/lvgl/src/widgets/label/lv_label.c:609:10:lv_label_get_text_selection_end	0	static
../App/lib/lvgl/src/widgets/label/lv_label.c:626:6:lv_label_ins_text	24	static
../App/lib/lvgl/src/widgets/label/lv_label.c:654:6:lv_label_cut_text	16	static
