../App/lib/lvgl/src/misc/lv_array.c:38:6:lv_array_init	8	static
../App/lib/lvgl/src/misc/lv_array.c:48:6:lv_array_deinit	8	static
../App/lib/lvgl/src/misc/lv_array.c:59:6:lv_array_copy	16	static
../App/lib/lvgl/src/misc/lv_array.c:125:6:lv_array_resize	16	static
../App/lib/lvgl/src/misc/lv_array.c:70:6:lv_array_shrink	0	static
../App/lib/lvgl/src/misc/lv_array.c:136:13:lv_array_concat	24	static
../App/lib/lvgl/src/misc/lv_array.c:151:13:lv_array_push_back	16	static
../App/lib/lvgl/src/misc/lv_array.c:166:8:lv_array_at	0	static
../App/lib/lvgl/src/misc/lv_array.c:77:13:lv_array_remove	16	static
../App/lib/lvgl/src/misc/lv_array.c:99:13:lv_array_erase	24	static
../App/lib/lvgl/src/misc/lv_array.c:176:13:lv_array_assign	16	static
../App/lib/lvgl/src/misc/lv_array.c:185:10:lv_array_size	0	static
../App/lib/lvgl/src/misc/lv_array.c:190:10:lv_array_capacity	0	static
../App/lib/lvgl/src/misc/lv_array.c:195:6:lv_array_is_empty	0	static
../App/lib/lvgl/src/misc/lv_array.c:200:6:lv_array_is_full	0	static
../App/lib/lvgl/src/misc/lv_array.c:205:6:lv_array_clear	0	static
../App/lib/lvgl/src/misc/lv_array.c:210:8:lv_array_front	0	static
../App/lib/lvgl/src/misc/lv_array.c:215:8:lv_array_back	0	static
