../App/lib/lvgl/src/misc/lv_fs.c:55:6:lv_fs_init	0	static
../App/lib/lvgl/src/misc/lv_fs.c:60:6:lv_fs_deinit	0	static
../App/lib/lvgl/src/misc/lv_fs.c:145:6:lv_fs_make_path_from_buffer	0	static
../App/lib/lvgl/src/misc/lv_fs.c:154:13:lv_fs_close	16	static
../App/lib/lvgl/src/misc/lv_fs.c:186:13:lv_fs_read	64	static
../App/lib/lvgl/src/misc/lv_fs.c:217:13:lv_fs_write	48	static
../App/lib/lvgl/src/misc/lv_fs.c:249:13:lv_fs_seek	24	static
../App/lib/lvgl/src/misc/lv_fs.c:277:13:lv_fs_tell	4	static
../App/lib/lvgl/src/misc/lv_fs.c:344:13:lv_fs_dir_read	8	static
../App/lib/lvgl/src/misc/lv_fs.c:369:13:lv_fs_dir_close	8	static
../App/lib/lvgl/src/misc/lv_fs.c:391:6:lv_fs_drv_init	0	static
../App/lib/lvgl/src/misc/lv_fs.c:396:6:lv_fs_drv_register	8	static
../App/lib/lvgl/src/misc/lv_fs.c:407:15:lv_fs_get_drv	8	static
../App/lib/lvgl/src/misc/lv_fs.c:65:6:lv_fs_is_ready	8	static
../App/lib/lvgl/src/misc/lv_fs.c:76:13:lv_fs_open	24	static
../App/lib/lvgl/src/misc/lv_fs.c:305:13:lv_fs_dir_open	16	static
../App/lib/lvgl/src/misc/lv_fs.c:420:8:lv_fs_get_letters	16	static
../App/lib/lvgl/src/misc/lv_fs.c:435:14:lv_fs_get_ext	8	static
../App/lib/lvgl/src/misc/lv_fs.c:450:8:lv_fs_up	8	static
../App/lib/lvgl/src/misc/lv_fs.c:476:14:lv_fs_get_last	8	static
