../App/lib/lvgl/src/indev/lv_indev.c:1612:13:indev_reset_check	0	static
../App/lib/lvgl/src/indev/lv_indev.c:1461:13:indev_proc_reset_query_handler	0	static
../App/lib/lvgl/src/indev/lv_indev.c:1703:13:indev_scroll_throw_anim_cb	8	static
../App/lib/lvgl/src/indev/lv_indev.c:1719:13:indev_scroll_throw_anim_completed_cb	0	static
../App/lib/lvgl/src/indev/lv_indev.c:113:14:lv_indev_create	8	static
../App/lib/lvgl/src/indev/lv_indev.c:161:14:lv_indev_get_next	0	static
../App/lib/lvgl/src/indev/lv_indev.c:272:6:lv_indev_enable	8	static
../App/lib/lvgl/src/indev/lv_indev.c:286:14:lv_indev_active	0	static
../App/lib/lvgl/src/indev/lv_indev.c:291:6:lv_indev_set_type	0	static
../App/lib/lvgl/src/indev/lv_indev.c:299:6:lv_indev_set_read_cb	0	static
../App/lib/lvgl/src/indev/lv_indev.c:306:6:lv_indev_set_user_data	0	static
../App/lib/lvgl/src/indev/lv_indev.c:312:6:lv_indev_set_driver_data	0	static
../App/lib/lvgl/src/indev/lv_indev.c:318:20:lv_indev_get_read_cb	0	static
../App/lib/lvgl/src/indev/lv_indev.c:328:17:lv_indev_get_type	0	static
../App/lib/lvgl/src/indev/lv_indev.c:335:18:lv_indev_get_state	0	static
../App/lib/lvgl/src/indev/lv_indev.c:342:14:lv_indev_get_group	0	static
../App/lib/lvgl/src/indev/lv_indev.c:349:16:lv_indev_get_display	0	static
../App/lib/lvgl/src/indev/lv_indev.c:356:6:lv_indev_set_display	0	static
../App/lib/lvgl/src/indev/lv_indev.c:363:6:lv_indev_set_long_press_time	0	static
../App/lib/lvgl/src/indev/lv_indev.c:370:6:lv_indev_set_scroll_limit	0	static
../App/lib/lvgl/src/indev/lv_indev.c:377:6:lv_indev_set_scroll_throw	0	static
../App/lib/lvgl/src/indev/lv_indev.c:384:8:lv_indev_get_user_data	0	static
../App/lib/lvgl/src/indev/lv_indev.c:390:8:lv_indev_get_driver_data	0	static
../App/lib/lvgl/src/indev/lv_indev.c:397:6:lv_indev_get_press_moved	0	static
../App/lib/lvgl/src/indev/lv_indev.c:419:6:lv_indev_stop_processing	0	static
../App/lib/lvgl/src/indev/lv_indev.c:425:6:lv_indev_reset_long_press	8	static
../App/lib/lvgl/src/indev/lv_indev.c:432:6:lv_indev_set_cursor	16	static
../App/lib/lvgl/src/indev/lv_indev.c:443:6:lv_indev_set_group	0	static
../App/lib/lvgl/src/indev/lv_indev.c:450:6:lv_indev_set_button_points	0	static
../App/lib/lvgl/src/indev/lv_indev.c:457:6:lv_indev_get_point	0	static
../App/lib/lvgl/src/indev/lv_indev.c:473:10:lv_indev_get_gesture_dir	0	static
../App/lib/lvgl/src/indev/lv_indev.c:478:10:lv_indev_get_key	0	static
../App/lib/lvgl/src/indev/lv_indev.c:488:10:lv_indev_get_scroll_dir	0	static
../App/lib/lvgl/src/indev/lv_indev.c:495:12:lv_indev_get_scroll_obj	0	static
../App/lib/lvgl/src/indev/lv_indev.c:502:6:lv_indev_get_vect	0	static
../App/lib/lvgl/src/indev/lv_indev.c:515:6:lv_indev_wait_release	0	static
../App/lib/lvgl/src/indev/lv_indev.c:521:12:lv_indev_get_active_obj	0	static
../App/lib/lvgl/src/indev/lv_indev.c:526:14:lv_indev_get_read_timer	0	static
../App/lib/lvgl/src/indev/lv_indev.c:536:17:lv_indev_get_mode	0	static
../App/lib/lvgl/src/indev/lv_indev.c:542:6:lv_indev_set_mode	8	static
../App/lib/lvgl/src/indev/lv_indev.c:560:12:lv_indev_search_obj	48	static
../App/lib/lvgl/src/indev/lv_indev.c:1438:19:pointer_search_obj	16	static
../App/lib/lvgl/src/indev/lv_indev.c:596:6:lv_indev_add_event_cb	0	static
../App/lib/lvgl/src/indev/lv_indev.c:603:10:lv_indev_get_event_count	0	static
../App/lib/lvgl/src/indev/lv_indev.c:609:18:lv_indev_get_event_dsc	0	static
../App/lib/lvgl/src/indev/lv_indev.c:616:6:lv_indev_remove_event	0	static
../App/lib/lvgl/src/indev/lv_indev.c:623:10:lv_indev_remove_event_cb_with_user_data	24	static
../App/lib/lvgl/src/indev/lv_indev.c:642:13:lv_indev_send_event	48	static
../App/lib/lvgl/src/indev/lv_indev.c:145:6:lv_indev_delete	8	static
../App/lib/lvgl/src/indev/lv_indev.c:1676:20:send_event	24	static
../App/lib/lvgl/src/indev/lv_indev.c:1148:13:indev_proc_press	24	static
../App/lib/lvgl/src/indev/lv_indev.c:1306:13:indev_proc_release	136	static
../App/lib/lvgl/src/indev/lv_indev.c:204:6:lv_indev_read	72	static
../App/lib/lvgl/src/indev/lv_indev.c:199:6:lv_indev_read_timer_cb	0	static
../App/lib/lvgl/src/indev/lv_indev.c:1636:13:indev_reset_core	16	static
../App/lib/lvgl/src/indev/lv_indev.c:404:6:lv_indev_reset	16	static
