../App/hw/src/usb/usb_msc/usbd_msc.c:544:10:USBD_MSC_GetDeviceQualifierDescriptor	0	static
../App/hw/src/usb/usb_msc/usbd_msc.c:214:9:USBD_MSC_Init	24	static
../App/hw/src/usb/usb_msc/usbd_msc.c:308:9:USBD_MSC_Setup	32	static
../App/hw/src/usb/usb_msc/usbd_msc.c:443:9:USBD_MSC_DataIn	8	static
../App/hw/src/usb/usb_msc/usbd_msc.c:457:9:USBD_MSC_DataOut	8	static
../App/hw/src/usb/usb_msc/usbd_msc.c:470:10:USBD_MSC_GetHSCfgDesc	16	static
../App/hw/src/usb/usb_msc/usbd_msc.c:495:10:USBD_MSC_GetFSCfgDesc	16	static
../App/hw/src/usb/usb_msc/usbd_msc.c:520:10:USBD_MSC_GetOtherSpeedCfgDesc	0	static
../App/hw/src/usb/usb_msc/usbd_msc.c:270:9:USBD_MSC_DeInit	24	static
../App/hw/src/usb/usb_msc/usbd_msc.c:556:9:USBD_MSC_RegisterStorage	0	static
