../App/lib/lvgl/src/layouts/flex/lv_flex.c:469:13:place_content	16	static
../App/lib/lvgl/src/layouts/flex/lv_flex.c:508:19:get_next_item	0	static
../App/lib/lvgl/src/layouts/flex/../../core/lv_obj_style_gen.h:184:23:lv_obj_get_style_margin_top	16	static
../App/lib/lvgl/src/layouts/flex/../../core/lv_obj_style_gen.h:190:23:lv_obj_get_style_margin_bottom	16	static
../App/lib/lvgl/src/layouts/flex/../../core/lv_obj_style_gen.h:196:23:lv_obj_get_style_margin_left	16	static
../App/lib/lvgl/src/layouts/flex/../../core/lv_obj_style_gen.h:202:23:lv_obj_get_style_margin_right	16	static
../App/lib/lvgl/src/layouts/flex/lv_flex.c:529:16:lv_obj_get_height_with_margin	16	static
../App/lib/lvgl/src/layouts/flex/lv_flex.c:522:16:lv_obj_get_width_with_margin	16	static
../App/lib/lvgl/src/layouts/flex/lv_flex.c:233:16:find_track_end	64	static
../App/lib/lvgl/src/layouts/flex/lv_flex.c:126:13:flex_update	224	static
../App/lib/lvgl/src/layouts/flex/lv_flex.c:95:6:lv_flex_init	0	static
../App/lib/lvgl/src/layouts/flex/lv_flex.c:101:6:lv_obj_set_flex_flow	8	static
../App/lib/lvgl/src/layouts/flex/lv_flex.c:107:6:lv_obj_set_flex_align	16	static
../App/lib/lvgl/src/layouts/flex/lv_flex.c:116:6:lv_obj_set_flex_grow	8	static
