../App/lib/lvgl/src/draw/sw/lv_draw_sw.c:392:16:evaluate	0	static
../App/lib/lvgl/src/draw/sw/lv_draw_sw.c:430:16:dispatch	16	static
../App/lib/lvgl/src/draw/sw/lv_draw_sw.c:164:6:lv_draw_sw_init	8	static
../App/lib/lvgl/src/draw/sw/lv_draw_sw.c:189:6:lv_draw_sw_deinit	0	static
../App/lib/lvgl/src/draw/sw/lv_draw_sw.c:219:6:lv_draw_sw_rgb565_swap	12	static
../App/lib/lvgl/src/draw/sw/lv_draw_sw.c:253:6:lv_draw_sw_i1_invert	8	static
../App/lib/lvgl/src/draw/sw/lv_draw_sw.c:284:6:lv_draw_sw_rotate	28	static
