../App/hw/src/encoder.c:35:6:encoderUpdateVelocity	0	static
../App/hw/src/encoder.c:51:7:encoderGetVelocity	0	static
../App/hw/src/encoder.c:60:6:encoderInit	8	static
../App/hw/src/encoder.c:76:9:encoderGetRaw	0	static
../App/hw/src/encoder.c:84:6:encoderUpdate	0	static
../App/hw/src/encoder.c:110:7:encoderGetAngle	0	static
../App/hw/src/encoder.c:137:9:encoderGetCount	0	static
../App/hw/src/encoder.c:142:9:encoderGetDir	0	static
../App/hw/src/encoder.c:147:6:encoderReset	0	static
../App/hw/src/encoder.c:181:13:cliEncoder	24	static
../App/hw/src/encoder.c:156:6:encoderConsumeZ	0	static
../App/hw/src/encoder.c:167:6:HAL_GPIO_EXTI_Callback	0	static
