../App/hw/src/encoder.c:29:6:encoderInit	8	static
../App/hw/src/encoder.c:48:6:encoderUpdate	0	static
../App/hw/src/encoder.c:64:7:encoderGetAngle	16	static
../App/hw/src/encoder.c:84:6:encoderUpdateVelocity	0	static
../App/hw/src/encoder.c:104:7:encoderGetVelocity	0	static
../App/hw/src/encoder.c:109:9:encoderGetRaw	0	static
../App/hw/src/encoder.c:114:9:encoderGetCount	0	static
../App/hw/src/encoder.c:119:9:encoderGetDir	0	static
../App/hw/src/encoder.c:124:6:encoderReset	0	static
../App/hw/src/encoder.c:158:13:cliEncoder	24	static
../App/hw/src/encoder.c:135:6:encoderConsumeZ	0	static
../App/hw/src/encoder.c:145:6:HAL_GPIO_EXTI_Callback	0	static
