../App/hw/src/lcd.c:77:6:lcdIsInit	0	static
../App/hw/src/lcd.c:82:7:lcdGetFrameBuffer	0	static
../App/hw/src/lcd.c:87:6:lcdReset	0	static
../App/hw/src/lcd.c:91:9:lcdGetBackLight	0	static
../App/hw/src/lcd.c:96:6:lcdSetBackLight	0	static
../App/hw/src/lcd.c:51:6:lcdInit	16	static
../App/hw/src/lcd.c:116:10:lcdReadPixel	0	static
../App/hw/src/lcd.c:121:6:lcdDrawPixel	0	static
../App/hw/src/lcd.c:451:6:lcdDrawLineBuffer	48	static
../App/hw/src/lcd.c:136:6:lcdClearBuffer	0	static
../App/hw/src/lcd.c:146:10:lcdGetDrawTime	16	static
../App/hw/src/lcd.c:186:6:lcdDrawCircleHelper	56	static
../App/hw/src/lcd.c:330:6:lcdDrawAvailable	0	static
../App/hw/src/lcd.c:376:6:lcdSetWindow	12	static
../App/hw/src/lcd.c:335:6:lcdRequestDraw	8	static
../App/hw/src/lcd.c:354:6:lcdUpdateDraw	8	static
../App/hw/src/lcd.c:129:6:lcdClear	8	static
../App/hw/src/lcd.c:386:9:lcdGetWidth	0	static
../App/hw/src/lcd.c:391:9:lcdGetHeight	0	static
../App/hw/src/lcd.c:397:6:lcdDrawLine	48	static
../App/hw/src/lcd.c:287:6:lcdDrawTriangle	40	static
../App/hw/src/lcd.c:294:6:lcdDrawFillTriangle	72	dynamic
../App/hw/src/lcd.c:519:6:lcdDrawVLine	16	static
../App/hw/src/lcd.c:524:6:lcdDrawHLine	16	static
../App/hw/src/lcd.c:155:6:lcdDrawFillCircle	56	static
../App/hw/src/lcd.c:227:6:lcdDrawRoundRect	80	static
../App/hw/src/lcd.c:242:6:lcdDrawFillCircleHelper	64	static
../App/hw/src/lcd.c:529:6:lcdDrawFillRect	24	static
../App/hw/src/lcd.c:277:6:lcdDrawFillRoundRect	40	static
../App/hw/src/lcd.c:537:6:lcdDrawRect	24	static
../App/hw/src/lcd.c:545:6:lcdDrawFillScreen	16	static
../App/hw/src/lcd.c:550:6:lcdPrintf	372	static
../App/hw/src/lcd.c:991:6:cliLcd	48	static
../App/hw/src/lcd.c:615:10:lcdGetStrWidth	320	static
../App/hw/src/lcd.c:704:6:lcdSetFont	0	static
../App/hw/src/lcd.c:709:9:lcdGetFont	0	static
../App/hw/src/lcd.c:714:6:lcdDrawPixelBuffer	0	static
../App/hw/src/lcd.c:719:6:disHanFontBuffer	0	static
../App/hw/src/lcd.c:759:10:lcdGetColorMix	16	static
../App/hw/src/lcd.c:774:6:lcdDrawPixelMix	16	static
