../App/hw/src/sd.c:31:6:sdInit	8	static
../App/hw/src/sd.c:62:6:sdDeInit	8	static
../App/hw/src/sd.c:77:6:sdIsInit	0	static
../App/hw/src/sd.c:82:6:sdIsDetected	8	static
../App/hw/src/sd.c:96:6:sdGetInfo	48	static
../App/hw/src/sd.c:123:6:sdIsBusy	8	static
../App/hw/src/sd.c:140:6:sdIsReady	16	static
../App/hw/src/sd.c:157:6:sdReadBlocks	16	static
../App/hw/src/sd.c:249:6:cliSd	536	static
../App/hw/src/sd.c:189:6:sdWriteBlocks	16	static
../App/hw/src/sd.c:221:6:sdEraseBlocks	8	static
../App/hw/src/sd.c:234:6:HAL_SD_RxCpltCallback	0	static
../App/hw/src/sd.c:240:6:HAL_SD_TxCpltCallback	0	static
