../App/hw/src/st7789.c:77:6:st7789DoneISR	8	static
../App/hw/src/st7789.c:134:6:writedata	16	static
../App/hw/src/st7789.c:124:6:writecommand	16	static
../App/hw/src/st7789.c:88:6:st7789IsReady	0	static
../App/hw/src/st7789.c:93:6:st7789GetInfo	0	static
../App/hw/src/st7789.c:114:10:st7789GetWidth	0	static
../App/hw/src/st7789.c:119:10:st7789GetHeight	0	static
../App/hw/src/st7789.c:205:6:st7789SetWindow	24	static
../App/hw/src/st7789.c:222:6:st7789FillRect	32	dynamic
../App/hw/src/st7789.c:281:6:cliCmd	32	static
../App/hw/src/st7789.c:57:6:st7789Init	24	static
../App/hw/src/st7789.c:260:6:st7789SendBuffer	24	static
