../App/lib/lvgl/src/misc/cache/lv_image_header_cache.c:121:31:image_header_cache_compare_cb	8	static
../App/lib/lvgl/src/misc/cache/lv_image_header_cache.c:128:13:image_header_cache_free_cb	0	static
../App/lib/lvgl/src/misc/cache/lv_image_header_cache.c:52:13:lv_image_header_cache_init	40	static
../App/lib/lvgl/src/misc/cache/lv_image_header_cache.c:69:6:lv_image_header_cache_resize	16	static
../App/lib/lvgl/src/misc/cache/lv_image_header_cache.c:77:6:lv_image_header_cache_drop	40	static
../App/lib/lvgl/src/misc/cache/lv_image_header_cache.c:92:6:lv_image_header_cache_is_enabled	0	static
