../App/lib/lvgl/src/draw/lv_draw_image.c:273:13:img_decode_and_draw	128	static
../App/lib/lvgl/src/draw/lv_draw_image.c:49:6:lv_draw_image_dsc_init	8	static
../App/lib/lvgl/src/draw/lv_draw_image.c:61:23:lv_draw_task_get_image_dsc	0	static
../App/lib/lvgl/src/draw/lv_draw_image.c:126:16:lv_image_src_get_type	0	static
../App/lib/lvgl/src/draw/lv_draw_image.c:183:6:lv_draw_image_tiled_helper	200	static
../App/lib/lvgl/src/draw/lv_draw_image.c:242:6:lv_image_buf_get_transformed_area	72	static
../App/lib/lvgl/src/draw/lv_draw_image.c:66:6:lv_draw_layer	48	static
../App/lib/lvgl/src/draw/lv_draw_image.c:90:6:lv_draw_image	48	static
../App/lib/lvgl/src/draw/lv_draw_image.c:143:6:lv_draw_image_normal_helper	152	static
