../App/lib/lvgl/src/draw/../misc/lv_text_private.h:165:20:lv_text_is_marker	0	static
../App/lib/lvgl/src/draw/lv_draw_label.c:58:6:lv_draw_label_dsc_init	8	static
../App/lib/lvgl/src/draw/lv_draw_label.c:72:23:lv_draw_task_get_label_dsc	0	static
../App/lib/lvgl/src/draw/lv_draw_label.c:77:6:lv_draw_glyph_dsc_init	0	static
../App/lib/lvgl/src/draw/lv_draw_label.c:82:28:lv_draw_label	24	static
../App/lib/lvgl/src/draw/lv_draw_label.c:109:28:lv_draw_character	72	static
../App/lib/lvgl/src/draw/lv_draw_label.c:149:6:lv_draw_label_iterate_characters	272	static
