../App/lib/lvgl/src/widgets/roller/lv_roller.c:837:13:set_y_anim	0	static
../App/lib/lvgl/src/widgets/roller/../../core/lv_obj_style_gen.h:544:33:lv_obj_get_style_text_font	16	static
../App/lib/lvgl/src/widgets/roller/lv_roller.c:813:19:get_label	0	static
../App/lib/lvgl/src/widgets/roller/../../core/lv_obj_style_gen.h:556:23:lv_obj_get_style_text_line_space.constprop	16	static
../App/lib/lvgl/src/widgets/roller/lv_roller.c:613:13:get_sel_area	40	static
../App/lib/lvgl/src/widgets/roller/lv_roller.c:786:13:inf_normalize	24	static
../App/lib/lvgl/src/widgets/roller/lv_roller.c:831:13:scroll_anim_completed_cb	8	static
../App/lib/lvgl/src/widgets/roller/lv_roller.c:637:13:refr_position	120	static
../App/lib/lvgl/src/widgets/roller/lv_roller.c:128:6:lv_roller_set_options.part.0	48	static
../App/lib/lvgl/src/widgets/roller/lv_roller.c:307:13:lv_roller_constructor	16	static
../App/lib/lvgl/src/widgets/roller/lv_roller.c:484:13:draw_main	248	static
../App/lib/lvgl/src/widgets/roller/lv_roller.c:842:13:transform_vect_recursive	40	static
../App/lib/lvgl/src/widgets/roller/lv_roller.c:818:16:get_selected_label_width	40	static
../App/lib/lvgl/src/widgets/roller/lv_roller.c:453:13:lv_roller_label_event	200	static
../App/lib/lvgl/src/widgets/roller/lv_roller.c:116:12:lv_roller_create	8	static
../App/lib/lvgl/src/widgets/roller/lv_roller.c:128:6:lv_roller_set_options	0	static
../App/lib/lvgl/src/widgets/roller/lv_roller.c:189:6:lv_roller_set_selected	16	static
../App/lib/lvgl/src/widgets/roller/lv_roller.c:329:13:lv_roller_event	56	static
../App/lib/lvgl/src/widgets/roller/lv_roller.c:223:6:lv_roller_set_visible_row_count	32	static
../App/lib/lvgl/src/widgets/roller/lv_roller.c:237:10:lv_roller_get_selected	0	static
../App/lib/lvgl/src/widgets/roller/lv_roller.c:251:6:lv_roller_get_selected_str	24	static
../App/lib/lvgl/src/widgets/roller/lv_roller.c:283:14:lv_roller_get_options	8	static
../App/lib/lvgl/src/widgets/roller/lv_roller.c:290:10:lv_roller_get_option_count	0	static
