../App/common/src/cli.c:619:6:cliToUpper	8	static
../App/common/src/cli.c:678:7:cliArgsGetStr	0	static
../App/common/src/cli.c:694:6:cliArgsIsStr	8	static
../App/common/src/cli.c:662:7:cliArgsGetFloat	0	static
../App/common/src/cli.c:646:9:cliArgsGetData	0	static
../App/common/src/cli.c:481:6:cliLineChange.constprop	16	static
../App/common/src/cli.c:131:6:cliOpen	8	static
../App/common/src/cli.c:148:6:cliIsBusy	0	static
../App/common/src/cli.c:153:6:cliOpenLog	8	static
../App/common/src/cli.c:169:9:cliGetPort	0	static
../App/common/src/cli.c:174:6:cliLogClose	0	static
../App/common/src/cli.c:180:6:cliShowLog	16	static
../App/common/src/cli.c:221:6:cliLogo	8	static
../App/common/src/cli.c:231:10:cliAvailable	0	static
../App/common/src/cli.c:236:9:cliRead	0	static
../App/common/src/cli.c:241:10:cliWrite	0	static
../App/common/src/cli.c:598:6:cliPrintf	16	static
../App/common/src/cli.c:751:6:cliShowList	16	static
../App/common/src/cli.c:768:6:cliMemoryDump	40	static
../App/common/src/cli.c:523:6:cliRunCmd.constprop.isra	32	static
../App/common/src/cli.c:583:6:cliRunStr	16	static
../App/common/src/cli.c:206:6:cliMain	40	static
../App/common/src/cli.c:612:6:cliPutch	16	static
../App/common/src/cli.c:713:6:cliKeepLoop	8	static
../App/common/src/cli.c:728:6:cliAdd	16	static
../App/common/src/cli.c:105:6:cliInit	8	static
../App/common/src/cli.c:828:6:cliShowCursor	0	static
../App/common/src/cli.c:840:6:cliMoveUp	0	static
../App/common/src/cli.c:845:6:cliMoveDown	0	static
