../Core/Src/stm32f4xx_it.c:78:6:NMI_Handler	0	static
../Core/Src/stm32f4xx_it.c:93:6:HardFault_Handler	16	static,ignoring_inline_asm
../Core/Src/stm32f4xx_it.c:124:6:MemManage_Handler	0	static
../Core/Src/stm32f4xx_it.c:139:6:BusFault_Handler	0	static
../Core/Src/stm32f4xx_it.c:154:6:UsageFault_Handler	0	static
../Core/Src/stm32f4xx_it.c:169:6:SVC_Handler	0	static
../Core/Src/stm32f4xx_it.c:182:6:DebugMon_Handler	0	static
../Core/Src/stm32f4xx_it.c:195:6:PendSV_Handler	0	static
../Core/Src/stm32f4xx_it.c:208:6:SysTick_Handler	0	static
../Core/Src/stm32f4xx_it.c:229:6:DMA1_Stream4_IRQHandler	0	static
../Core/Src/stm32f4xx_it.c:243:6:EXTI9_5_IRQHandler	0	static
../Core/Src/stm32f4xx_it.c:257:6:TIM1_UP_TIM10_IRQHandler	8	static
../Core/Src/stm32f4xx_it.c:272:6:SPI2_IRQHandler	0	static
../Core/Src/stm32f4xx_it.c:286:6:USART1_IRQHandler	0	static
../Core/Src/stm32f4xx_it.c:300:6:SDIO_IRQHandler	0	static
../Core/Src/stm32f4xx_it.c:314:6:DMA2_Stream2_IRQHandler	0	static
../Core/Src/stm32f4xx_it.c:328:6:DMA2_Stream3_IRQHandler	0	static
../Core/Src/stm32f4xx_it.c:342:6:OTG_FS_IRQHandler	0	static
../Core/Src/stm32f4xx_it.c:356:6:DMA2_Stream6_IRQHandler	0	static
