../App/lib/lvgl/src/core/lv_obj_tree.c:490:13:obj_indev_reset	16	static
../App/lib/lvgl/src/core/lv_obj_tree.c:647:19:lv_obj_get_first_not_deleting_child.isra	8	static
../App/lib/lvgl/src/core/lv_obj_tree.c:120:6:lv_obj_delete_delayed	104	static
../App/lib/lvgl/src/core/lv_obj_tree.c:137:6:lv_obj_delete_async	0	static
../App/lib/lvgl/src/core/lv_obj_tree.c:286:12:lv_obj_get_screen	0	static
../App/lib/lvgl/src/core/lv_obj_tree.c:301:16:lv_obj_get_display	8	static
../App/lib/lvgl/src/core/lv_obj_tree.c:323:12:lv_obj_get_parent	0	static
../App/lib/lvgl/src/core/lv_obj_tree.c:331:12:lv_obj_get_child	0	static
../App/lib/lvgl/src/core/lv_obj_tree.c:623:13:dump_tree_core.isra	16	static
../App/lib/lvgl/src/core/lv_obj_tree.c:351:12:lv_obj_get_child_by_type	16	static
../App/lib/lvgl/src/core/lv_obj_tree.c:399:10:lv_obj_get_child_count	0	static
../App/lib/lvgl/src/core/lv_obj_tree.c:593:31:walk_core	24	static
../App/lib/lvgl/src/core/lv_obj_tree.c:406:10:lv_obj_get_child_count_by_type	12	static
../App/lib/lvgl/src/core/lv_obj_tree.c:419:9:lv_obj_get_index	8	static
../App/lib/lvgl/src/core/lv_obj_tree.c:504:13:obj_delete_core	24	static
../App/lib/lvgl/src/core/lv_obj_tree.c:52:6:lv_obj_delete	24	static
../App/lib/lvgl/src/core/lv_obj_tree.c:483:13:lv_obj_delete_async_cb	0	static
../App/lib/lvgl/src/core/lv_obj_tree.c:132:6:lv_obj_delete_anim_completed_cb	0	static
../App/lib/lvgl/src/core/lv_obj_tree.c:90:6:lv_obj_clean	16	static
../App/lib/lvgl/src/core/lv_obj_tree.c:143:6:lv_obj_set_parent	24	static
../App/lib/lvgl/src/core/lv_obj_tree.c:204:6:lv_obj_move_to_index	24	static
../App/lib/lvgl/src/core/lv_obj_tree.c:253:6:lv_obj_swap	32	static
../App/lib/lvgl/src/core/lv_obj_tree.c:379:12:lv_obj_get_sibling	16	static
../App/lib/lvgl/src/core/lv_obj_tree.c:436:9:lv_obj_get_index_by_type	20	static
../App/lib/lvgl/src/core/lv_obj_tree.c:388:12:lv_obj_get_sibling_by_type	16	static
../App/lib/lvgl/src/core/lv_obj_tree.c:457:6:lv_obj_tree_walk	0	static
../App/lib/lvgl/src/core/lv_obj_tree.c:462:6:lv_obj_dump_tree	16	static
