../App/lib/lvgl/src/core/lv_obj.c:991:13:null_on_delete_cb	8	static
../App/lib/lvgl/src/core/lv_obj.c:479:13:lv_obj_constructor	32	static
../App/lib/lvgl/src/core/lv_obj.c:892:13:update_obj_state	72	static
../App/lib/lvgl/src/core/lv_obj.c:970:13:obj_valid_child.isra	24	static
../App/lib/lvgl/src/core/lv_obj.c:549:13:lv_obj_draw	176	static
../App/lib/lvgl/src/core/lv_obj.c:213:12:lv_obj_create	8	static
../App/lib/lvgl/src/core/lv_obj.c:268:6:lv_obj_remove_flag	48	static
../App/lib/lvgl/src/core/lv_obj.c:302:6:lv_obj_add_state	16	static
../App/lib/lvgl/src/core/lv_obj.c:317:6:lv_obj_remove_state	0	static
../App/lib/lvgl/src/core/lv_obj.c:327:6:lv_obj_set_state	0	static
../App/lib/lvgl/src/core/lv_obj.c:337:6:lv_obj_has_flag	0	static
../App/lib/lvgl/src/core/lv_obj.c:344:6:lv_obj_has_flag_any	0	static
../App/lib/lvgl/src/core/lv_obj.c:351:12:lv_obj_get_state	0	static
../App/lib/lvgl/src/core/lv_obj.c:358:6:lv_obj_has_state	0	static
../App/lib/lvgl/src/core/lv_obj.c:365:14:lv_obj_get_group	0	static
../App/lib/lvgl/src/core/lv_obj.c:723:13:lv_obj_event	56	static
../App/lib/lvgl/src/core/lv_obj.c:514:13:lv_obj_destructor	8	static
../App/lib/lvgl/src/core/lv_obj.c:231:6:lv_obj_add_flag	56	static
../App/lib/lvgl/src/core/lv_obj.c:296:6:lv_obj_update_flag	0	static
../App/lib/lvgl/src/core/lv_obj.c:377:6:lv_obj_allocate_spec_attr	8	static
../App/lib/lvgl/src/core/lv_obj.c:391:6:lv_obj_check_type	0	static
../App/lib/lvgl/src/core/lv_obj.c:397:6:lv_obj_has_class	0	static
../App/lib/lvgl/src/core/lv_obj.c:408:24:lv_obj_get_class	0	static
../App/lib/lvgl/src/core/lv_obj.c:413:6:lv_obj_is_valid	16	static
../App/lib/lvgl/src/core/lv_obj.c:430:6:lv_obj_null_on_delete	0	static
../App/lib/lvgl/src/core/lv_obj.c:465:6:lv_obj_set_user_data	0	static
../App/lib/lvgl/src/core/lv_obj.c:470:8:lv_obj_get_user_data	0	static
