../App/lib/lvgl/src/core/lv_refr.c:1217:13:wait_for_flushing	8	static
../App/lib/lvgl/src/core/lv_refr.c:770:19:lv_refr_get_top_obj	24	static
../App/lib/lvgl/src/core/lv_refr.c:598:13:layer_reshape_draw_buf	32	static
../App/lib/lvgl/src/core/lv_refr.c:75:6:lv_refr_init	0	static
../App/lib/lvgl/src/core/lv_refr.c:79:6:lv_refr_deinit	0	static
../App/lib/lvgl/src/core/lv_refr.c:100:6:lv_obj_redraw	320	static
../App/lib/lvgl/src/core/lv_refr.c:1015:13:refr_obj	240	static
../App/lib/lvgl/src/core/lv_refr.c:810:13:refr_obj_and_children	32	static
../App/lib/lvgl/src/core/lv_refr.c:700:13:refr_area_part	40	static
../App/lib/lvgl/src/core/lv_refr.c:257:6:lv_inv_area	48	static
../App/lib/lvgl/src/core/lv_refr.c:334:16:lv_refr_get_disp_refreshing	0	static
../App/lib/lvgl/src/core/lv_refr.c:343:6:lv_refr_set_disp_refreshing	0	static
../App/lib/lvgl/src/core/lv_refr.c:348:6:lv_display_refr_timer	152	static
../App/lib/lvgl/src/core/lv_refr.c:83:6:lv_refr_now	8	static
