../App/hw/src/lvgl/lv_port_fs.c:215:20:fs_tell	0	static
../App/hw/src/lvgl/lv_port_fs.c:254:20:fs_dir_read	304	static
../App/hw/src/lvgl/lv_port_fs.c:227:15:fs_dir_open	144	static
../App/hw/src/lvgl/lv_port_fs.c:284:20:fs_dir_close	8	static
../App/hw/src/lvgl/lv_port_fs.c:187:20:fs_seek	8	static
../App/hw/src/lvgl/lv_port_fs.c:171:20:fs_write	8	static
../App/hw/src/lvgl/lv_port_fs.c:154:20:fs_read	8	static
../App/hw/src/lvgl/lv_port_fs.c:137:20:fs_close	8	static
../App/hw/src/lvgl/lv_port_fs.c:105:15:fs_open	144	static
../App/hw/src/lvgl/lv_port_fs.c:56:6:lv_port_fs_init	8	static
