../App/lib/lvgl/src/libs/fsdrv/lv_fs_fatfs.c:225:20:fs_tell	0	static
../App/lib/lvgl/src/libs/fsdrv/lv_fs_fatfs.c:238:15:fs_dir_open	16	static
../App/lib/lvgl/src/libs/fsdrv/lv_fs_fatfs.c:292:20:fs_dir_close	8	static
../App/lib/lvgl/src/libs/fsdrv/lv_fs_fatfs.c:181:20:fs_write	8	static
../App/lib/lvgl/src/libs/fsdrv/lv_fs_fatfs.c:164:20:fs_read	8	static
../App/lib/lvgl/src/libs/fsdrv/lv_fs_fatfs.c:146:20:fs_close	8	static
../App/lib/lvgl/src/libs/fsdrv/lv_fs_fatfs.c:117:15:fs_open	16	static
../App/lib/lvgl/src/libs/fsdrv/lv_fs_fatfs.c:198:20:fs_seek	8	static
../App/lib/lvgl/src/libs/fsdrv/lv_fs_fatfs.c:261:20:fs_dir_read.part.0.constprop	312	static
../App/lib/lvgl/src/libs/fsdrv/lv_fs_fatfs.c:261:20:fs_dir_read	0	static
../App/lib/lvgl/src/libs/fsdrv/lv_fs_fatfs.c:67:6:lv_fs_fatfs_init	8	static
