../App/hw/src/usb/usb_cdc/usbd_cdc_if.c:276:15:CDC_DeInit_FS	0	static
../App/hw/src/usb/usb_cdc/usbd_cdc_if.c:290:15:CDC_Control_FS	0	static
../App/hw/src/usb/usb_cdc/usbd_cdc_if.c:417:15:CDC_TransmitCplt_FS	0	static
../App/hw/src/usb/usb_cdc/usbd_cdc_if.c:371:15:CDC_Receive_FS	8	static
../App/hw/src/usb/usb_cdc/usbd_cdc_if.c:262:15:CDC_Init_FS	8	static
../App/hw/src/usb/usb_cdc/usbd_cdc_if.c:41:10:cdcAvailable	0	static
../App/hw/src/usb/usb_cdc/usbd_cdc_if.c:50:9:cdcRead	8	static
../App/hw/src/usb/usb_cdc/usbd_cdc_if.c:64:6:cdcDataIn	0	static
../App/hw/src/usb/usb_cdc/usbd_cdc_if.c:111:10:cdcGetBaud	0	static
../App/hw/src/usb/usb_cdc/usbd_cdc_if.c:118:9:USBD_CDC_SOF	16	static
../App/hw/src/usb/usb_cdc/usbd_cdc_if.c:391:9:CDC_Transmit_FS	8	static
../App/hw/src/usb/usb_cdc/usbd_cdc_if.c:78:10:cdcWrite	24	static
